// Jest Snapshot v1, https://goo.gl/fbAQLP

exports[`setup1inchWidget Should setup iframe with correct url 1`] = `"<iframe id=\\"oneInchWidgetFrame\\" src=\\"https://app.1inch.io/#/137/embedded-swap/1INCH/DAI?sourceTokenAmount=15&amp;theme=light\\"></iframe>"`;
